// Jest Snapshot v1, https://goo.gl/fbAQLP

exports[`is an EOD message as plain text 1`] = `
"
EOD Updates

---------------------------------------------------------------------
Category 1

* some content (Some author)
* more content (Another author)

---------------------------------------------------------------------
Category 2

* even more content (Some author)


- Delivered by The EOD Machine
"
`;

exports[`is an empty EOD message when there are no entries 1`] = `
"
EOD Updates

No updates this time.


- Delivered by The EOD Machine
"
`;
